0 info it worked if it ends with ok
1 verbose cli [ '/home/eric/.nvm/versions/node/v0.12.18/bin/node',
1 verbose cli   '/home/eric/.nvm/versions/node/v0.12.18/bin/npm',
1 verbose cli   'run',
1 verbose cli   'dev' ]
2 info using npm@2.15.11
3 info using node@v0.12.18
4 verbose run-script [ 'predev', 'dev', 'postdev' ]
5 info predev livinglots-nyc@0.0.0
6 info dev livinglots-nyc@0.0.0
7 verbose unsafe-perm in lifecycle true
8 info livinglots-nyc@0.0.0 Failed to exec dev script
9 verbose stack Error: livinglots-nyc@0.0.0 dev: `vite build --watch --mode development`
9 verbose stack Exit status 1
9 verbose stack     at EventEmitter.<anonymous> (/home/eric/.nvm/versions/node/v0.12.18/lib/node_modules/npm/lib/utils/lifecycle.js:217:16)
9 verbose stack     at EventEmitter.emit (events.js:110:17)
9 verbose stack     at ChildProcess.<anonymous> (/home/eric/.nvm/versions/node/v0.12.18/lib/node_modules/npm/lib/utils/spawn.js:24:14)
9 verbose stack     at ChildProcess.emit (events.js:110:17)
9 verbose stack     at maybeClose (child_process.js:1019:16)
9 verbose stack     at Process.ChildProcess._handle.onexit (child_process.js:1091:5)
10 verbose pkgid livinglots-nyc@0.0.0
11 verbose cwd /home/eric/Documents/code/nycha-realtalk/nycommons-django/nycommons/static
12 error Linux 6.8.0-111-generic
13 error argv "/home/eric/.nvm/versions/node/v0.12.18/bin/node" "/home/eric/.nvm/versions/node/v0.12.18/bin/npm" "run" "dev"
14 error node v0.12.18
15 error npm  v2.15.11
16 error code ELIFECYCLE
17 error livinglots-nyc@0.0.0 dev: `vite build --watch --mode development`
17 error Exit status 1
18 error Failed at the livinglots-nyc@0.0.0 dev script 'vite build --watch --mode development'.
18 error This is most likely a problem with the livinglots-nyc package,
18 error not with npm itself.
18 error Tell the author that this fails on your system:
18 error     vite build --watch --mode development
18 error You can get information on how to open an issue for this project with:
18 error     npm bugs livinglots-nyc
18 error Or if that isn't available, you can get their info via:
18 error
18 error     npm owner ls livinglots-nyc
18 error There is likely additional logging output above.
19 verbose exit [ 1, true ]
